LTspice 24.1.5 for Windows
Circuit: C:\study\term 4\Electronic 2\Multi-Stage-Audio-Power-Amplifier\schematics\Ph2_403102322.net
Start Time: Wed Oct  7 12:29:19 2026
solver = Normal
Maximum thread count: 16
tnom = 27
temp = 27
method = trap
Instance "M5": Length shorter than recommended for a level 1 MOSFET.
Instance "M7": Length shorter than recommended for a level 1 MOSFET.
Instance "M6": Length shorter than recommended for a level 1 MOSFET.
Instance "M8": Length shorter than recommended for a level 1 MOSFET.
Instance "M1": Length shorter than recommended for a level 1 MOSFET.
Instance "M1": Width narrower than recommended for a level 1 MOSFET.
Instance "M2": Length shorter than recommended for a level 1 MOSFET.
Instance "M2": Width narrower than recommended for a level 1 MOSFET.
Instance "M3": Length shorter than recommended for a level 1 MOSFET.
Instance "M3": Width narrower than recommended for a level 1 MOSFET.
Instance "M4": Length shorter than recommended for a level 1 MOSFET.
Instance "M4": Width narrower than recommended for a level 1 MOSFET.
Direct Newton iteration failed to find .op point.  (Use ".option noopiter" to skip.)
Starting Gmin stepping
Gmin = 10
Gmin = 1.07374
Gmin = 0.115292
Gmin = 0.0123794
Gmin = 0.00132923
Gmin = 0.000142725
Gmin = 1.5325e-05
Gmin = 1.6455e-06
Gmin = 1.76685e-07
Gmin = 1.89714e-08
Gmin = 2.03704e-09
Gmin = 2.18725e-10
Gmin = 2.34854e-11
Gmin = 2.52173e-12
Gmin = 2.70769e-13
Gmin = 0
Gmin stepping succeeded in finding the operating point.

Total elapsed time: 0.163 seconds.

Files loaded:
C:\study\term 4\Electronic 2\Multi-Stage-Audio-Power-Amplifier\schematics\Ph2_403102322.net
C:\Users\ASUS\AppData\Local\LTspice\lib\cmp\standard.bjt
C:\Users\ASUS\AppData\Local\LTspice\lib\cmp\standard.mos

P_R_l: RMS(V(Vout)*I(RL))=0.0122060317851 FROM 0 TO 0.01
P: RMS(V(Vcc)*I(vcc)-V(Vee)*I(vee))=0.170489128881 FROM 0 TO 0.01
Fourier components of V(Vout)
N-Period=1
DC component:0.0138875

Harmonic	Frequency	 Fourier 	Normalized	 Phase  	Normalized
 Number 	  [Hz]   	Component	 Component	[degree]	Phase [deg]
    1   	 1.000e+03	 9.979e-01	 1.000e+00	   90.00°	    0.00°
    2   	 2.000e+03	 1.351e-05	 1.354e-05	   16.55°	  -73.45°
    3   	 3.000e+03	 1.218e-04	 1.220e-04	  -89.79°	 -179.79°
    4   	 4.000e+03	 6.304e-06	 6.318e-06	  128.68°	   38.68°
    5   	 5.000e+03	 1.260e-04	 1.263e-04	  -93.18°	 -183.19°
    6   	 6.000e+03	 9.126e-06	 9.145e-06	  171.82°	   81.82°
    7   	 7.000e+03	 6.895e-05	 6.910e-05	  -96.79°	 -186.80°
    8   	 8.000e+03	 6.886e-06	 6.900e-06	 -150.05°	 -240.05°
    9   	 9.000e+03	 5.786e-06	 5.798e-06	  109.51°	   19.51°
   10   	 1.000e+04	 5.723e-06	 5.736e-06	  -64.23°	 -154.23°
   11   	 1.100e+04	 4.821e-05	 4.832e-05	   82.86°	   -7.14°
   12   	 1.200e+04	 8.828e-06	 8.846e-06	  -14.52°	 -104.52°
   13   	 1.300e+04	 4.112e-05	 4.120e-05	   78.37°	  -11.64°
   14   	 1.400e+04	 7.186e-06	 7.201e-06	   24.57°	  -65.43°
   15   	 1.500e+04	 3.544e-06	 3.551e-06	   39.57°	  -50.43°
   16   	 1.600e+04	 6.269e-06	 6.282e-06	  107.21°	   17.21°
   17   	 1.700e+04	 2.974e-05	 2.980e-05	 -101.08°	 -191.08°
   18   	 1.800e+04	 9.845e-06	 9.865e-06	  155.72°	   65.72°
   19   	 1.900e+04	 3.139e-05	 3.146e-05	 -107.23°	 -197.24°
   20   	 2.000e+04	 8.291e-06	 8.308e-06	 -170.60°	 -260.60°
   21   	 2.100e+04	 6.960e-06	 6.974e-06	 -131.04°	 -221.05°
   22   	 2.200e+04	 5.569e-06	 5.581e-06	  -89.73°	 -179.73°
   23   	 2.300e+04	 2.023e-05	 2.027e-05	   77.55°	  -12.45°
   24   	 2.400e+04	 9.455e-06	 9.475e-06	  -29.39°	 -119.39°
   25   	 2.500e+04	 2.507e-05	 2.512e-05	   68.18°	  -21.82°
   26   	 2.600e+04	 8.817e-06	 8.836e-06	    7.19°	  -82.81°
   27   	 2.700e+04	 7.294e-06	 7.310e-06	   41.72°	  -48.28°
   28   	 2.800e+04	 7.057e-06	 7.072e-06	   85.20°	   -4.80°
   29   	 2.900e+04	 1.740e-05	 1.744e-05	 -104.06°	 -194.06°
   30   	 3.000e+04	 1.210e-05	 1.212e-05	  139.52°	   49.52°
   31   	 3.100e+04	 2.483e-05	 2.488e-05	 -116.66°	 -206.66°
   32   	 3.200e+04	 1.188e-05	 1.191e-05	  168.96°	   78.96°
   33   	 3.300e+04	 1.148e-05	 1.151e-05	 -138.97°	 -228.97°
   34   	 3.400e+04	 6.617e-06	 6.631e-06	 -125.85°	 -215.85°
   35   	 3.500e+04	 1.259e-05	 1.262e-05	   82.07°	   -7.94°
   36   	 3.600e+04	 1.131e-05	 1.133e-05	  -46.05°	 -136.05°
   37   	 3.700e+04	 2.195e-05	 2.199e-05	   59.34°	  -30.66°
   38   	 3.800e+04	 1.304e-05	 1.307e-05	   -9.56°	  -99.56°
   39   	 3.900e+04	 1.165e-05	 1.167e-05	   25.67°	  -64.33°
   40   	 4.000e+04	 1.087e-05	 1.089e-05	   62.74°	  -27.26°
   41   	 4.100e+04	 1.796e-05	 1.800e-05	  -96.55°	 -186.56°
   42   	 4.200e+04	 2.241e-05	 2.246e-05	  122.05°	   32.05°
   43   	 4.300e+04	 3.581e-05	 3.588e-05	 -121.43°	 -211.43°
   44   	 4.400e+04	 3.173e-05	 3.180e-05	  145.63°	   55.63°
   45   	 4.500e+04	 3.511e-05	 3.518e-05	 -141.83°	 -231.83°
   46   	 4.600e+04	 2.764e-05	 2.770e-05	  169.76°	   79.76°
   47   	 4.700e+04	 2.209e-05	 2.214e-05	  171.01°	   81.01°
   48   	 4.800e+04	 1.874e-05	 1.878e-05	 -134.22°	 -224.22°
   49   	 4.900e+04	 2.809e-05	 2.815e-05	   98.48°	    8.48°
   50   	 5.000e+04	 2.781e-05	 2.787e-05	  -73.37°	 -163.37°
   51   	 5.100e+04	 3.878e-05	 3.886e-05	   67.30°	  -22.70°
   52   	 5.200e+04	 3.610e-05	 3.617e-05	  -49.20°	 -139.20°
   53   	 5.300e+04	 3.511e-05	 3.518e-05	   44.85°	  -45.15°
   54   	 5.400e+04	 3.057e-05	 3.063e-05	  -31.63°	 -121.63°
   55   	 5.500e+04	 2.223e-05	 2.228e-05	   11.73°	  -78.27°
   56   	 5.600e+04	 1.640e-05	 1.643e-05	   -0.82°	  -90.82°
   57   	 5.700e+04	 1.486e-05	 1.489e-05	  -47.53°	 -137.53°
   58   	 5.800e+04	 1.126e-05	 1.128e-05	   76.07°	  -13.93°
   59   	 5.900e+04	 1.425e-05	 1.428e-05	  -97.39°	 -187.39°
   60   	 6.000e+04	 1.426e-05	 1.429e-05	  117.30°	   27.30°
   61   	 6.100e+04	 1.055e-05	 1.057e-05	 -134.83°	 -224.83°
   62   	 6.200e+04	 1.039e-05	 1.042e-05	  138.86°	   48.86°
   63   	 6.300e+04	 6.047e-06	 6.060e-06	  172.22°	   82.22°
   64   	 6.400e+04	 3.602e-06	 3.610e-06	 -170.02°	 -260.02°
   65   	 6.500e+04	 4.432e-06	 4.441e-06	  106.24°	   16.24°
   66   	 6.600e+04	 4.600e-06	 4.610e-06	  -74.16°	 -164.16°
   67   	 6.700e+04	 3.175e-06	 3.181e-06	   43.21°	  -46.79°
   68   	 6.800e+04	 4.477e-06	 4.487e-06	  -47.09°	 -137.09°
   69   	 6.900e+04	 3.082e-06	 3.089e-06	  -30.66°	 -120.66°
   70   	 7.000e+04	 1.746e-06	 1.750e-06	    9.23°	  -80.77°
   71   	 7.100e+04	 3.174e-06	 3.181e-06	  -75.84°	 -165.84°
   72   	 7.200e+04	 2.799e-06	 2.805e-06	  100.69°	   10.68°
   73   	 7.300e+04	 1.902e-06	 1.906e-06	 -123.71°	 -213.71°
   74   	 7.400e+04	 2.956e-06	 2.963e-06	  122.49°	   32.49°
   75   	 7.500e+04	 1.662e-06	 1.665e-06	  150.22°	   60.22°
   76   	 7.600e+04	 1.147e-06	 1.150e-06	  156.59°	   66.59°
   77   	 7.700e+04	 1.905e-06	 1.909e-06	  108.03°	   18.03°
   78   	 7.800e+04	 1.275e-06	 1.278e-06	  -85.29°	 -175.29°
   79   	 7.900e+04	 9.943e-07	 9.964e-07	   65.92°	  -24.08°
   80   	 8.000e+04	 1.599e-06	 1.602e-06	  -61.80°	 -151.80°
   81   	 8.100e+04	 9.216e-07	 9.236e-07	  -37.58°	 -127.58°
   82   	 8.200e+04	 6.498e-07	 6.511e-07	  -26.65°	 -116.65°
   83   	 8.300e+04	 1.180e-06	 1.183e-06	  -70.61°	 -160.61°
   84   	 8.400e+04	 8.439e-07	 8.457e-07	   87.25°	   -2.75°
   85   	 8.500e+04	 4.621e-07	 4.631e-07	 -100.75°	 -190.75°
   86   	 8.600e+04	 1.150e-06	 1.153e-06	  104.47°	   14.47°
   87   	 8.700e+04	 6.358e-07	 6.371e-07	  115.92°	   25.92°
   88   	 8.800e+04	 6.628e-07	 6.642e-07	  110.31°	   20.31°
   89   	 8.900e+04	 1.061e-06	 1.063e-06	   98.79°	    8.79°
   90   	 9.000e+04	 8.667e-08	 8.685e-08	   94.42°	    4.42°
   91   	 9.100e+04	 8.433e-07	 8.451e-07	   88.26°	   -1.74°
   92   	 9.200e+04	 1.396e-07	 1.399e-07	   33.95°	  -56.06°
   93   	 9.300e+04	 5.412e-07	 5.424e-07	   79.86°	  -10.14°
   94   	 9.400e+04	 6.435e-07	 6.449e-07	   83.59°	   -6.41°
   95   	 9.500e+04	 7.602e-07	 7.618e-07	   87.41°	   -2.59°
   96   	 9.600e+04	 1.599e-06	 1.603e-06	   91.68°	    1.68°
   97   	 9.700e+04	 1.944e-06	 1.948e-06	   92.64°	    2.63°
   98   	 9.800e+04	 3.486e-06	 3.494e-06	   93.28°	    3.28°
   99   	 9.900e+04	 5.718e-06	 5.730e-06	   93.50°	    3.50°
  100   	 1.000e+05	 1.269e-05	 1.272e-05	   93.69°	    3.69°
Partial Harmonic Distortion: 0.024688%
Total Harmonic Distortion:   0.028397%

